// Vitest Snapshot v1, https://vitest.dev/guide/snapshot.html

exports[`NewAdvertPage Snapshot > renders correctly 1`] = `
<div
  className="layout-page"
>
  <h2
    className="layout-title"
  >
    Create your advert
  </h2>
  <form
    className="newAdvertPage-form"
    onSubmit={[Function]}
  >
    <div
      className="formField"
    >
      <label
        className="formField-label"
      >
        <span>
          Name of your item
        </span>
        <input
          autoComplete="off"
          className="name"
          name="name"
          onChange={[Function]}
          required={true}
          type="text"
          value=""
        />
      </label>
    </div>
    <div
      className="formField"
    >
      <label
        className="formField-label"
      >
        <span>
          Sell
        </span>
        <input
          autoComplete="off"
          checked={true}
          className="sale"
          name="sale"
          onChange={[Function]}
          type="radio"
          value="true"
        />
      </label>
    </div>
    <div
      className="formField"
    >
      <label
        className="formField-label"
      >
        <span>
          Buy
        </span>
        <input
          autoComplete="off"
          checked={false}
          className="sale"
          name="sale"
          onChange={[Function]}
          type="radio"
          value="false"
        />
      </label>
    </div>
    <div
      className="formField"
    >
      <label
        className="formField-label"
      >
        <span>
          Price of your item
        </span>
        <input
          autoComplete="off"
          className="price"
          name="price"
          onChange={[Function]}
          required={true}
          type="number"
          value={0}
        />
      </label>
    </div>
    <div
      className="formField"
    >
      <span>
        Tags
      </span>
      <label>
        <input
          checked={false}
          name="tags"
          onChange={[Function]}
          type="checkbox"
          value="tag1"
        />
        Tag1
      </label>
      <label>
        <input
          checked={false}
          name="tags"
          onChange={[Function]}
          type="checkbox"
          value="tag2"
        />
        Tag2
      </label>
    </div>
    <div
      className="formField"
    >
      <label
        className="formField-label"
      >
        <span>
          Photo
        </span>
        <input
          autoComplete="off"
          className="photo"
          name="photo"
          onChange={[Function]}
          type="file"
        />
      </label>
    </div>
    <button
      className="sc-FEMpB fhnnRn button"
      disabled={true}
      type="submit"
    >
      Create Advert
    </button>
  </form>
</div>
`;
